// Jest Snapshot v1, https://goo.gl/fbAQLP

exports[`<Slider /> renders a slider with custom props 1`] = `
<RNCSlider
  disabled={false}
  enabled={true}
  inverted={false}
  maximumTrackTintColor="red"
  maximumValue={2}
  minimumTrackTintColor="blue"
  minimumValue={-1}
  onChange={[Function]}
  onResponderTerminationRequest={[Function]}
  onSlidingComplete={[Function]}
  onSlidingStart={null}
  onStartShouldSetResponder={[Function]}
  onValueChange={[Function]}
  step={0.25}
  style={
    Object {
      "height": 40,
    }
  }
  thumbTintColor="green"
  value={0.5}
/>
`;

exports[`<Slider /> renders disabled slider 1`] = `
<RNCSlider
  disabled={true}
  enabled={false}
  inverted={false}
  maximumValue={1}
  minimumValue={0}
  onChange={null}
  onResponderTerminationRequest={[Function]}
  onSlidingComplete={null}
  onSlidingStart={null}
  onStartShouldSetResponder={[Function]}
  onValueChange={null}
  step={0}
  style={
    Object {
      "height": 40,
    }
  }
  value={0}
/>
`;

exports[`<Slider /> renders enabled slider 1`] = `
<RNCSlider
  disabled={false}
  enabled={true}
  inverted={false}
  maximumValue={1}
  minimumValue={0}
  onChange={null}
  onResponderTerminationRequest={[Function]}
  onSlidingComplete={null}
  onSlidingStart={null}
  onStartShouldSetResponder={[Function]}
  onValueChange={null}
  step={0}
  style={
    Object {
      "height": 40,
    }
  }
  value={0}
/>
`;
